// Jest Snapshot v1, https://goo.gl/fbAQLP

exports[`SkeletonLoader Component Snapshot Tests BookingCardSkeleton matches snapshot 1`] = `
<div
  class="bg-white dark:bg-slate-900 rounded-xl border border-slate-200 dark:border-slate-800 p-4 animate-pulse"
>
  <div
    class="flex items-start gap-4"
  >
    <div
      class="animate-pulse bg-gradient-to-r from-slate-200 dark:from-slate-700 via-slate-300 dark:via-slate-600 to-slate-200 dark:to-slate-700 bg-[length:200%_100%] rounded-full "
      style="width: 48px; height: 48px;"
    />
    <div
      class="flex-1"
    >
      <div
        class="animate-pulse bg-gradient-to-r from-slate-200 dark:from-slate-700 via-slate-300 dark:via-slate-600 to-slate-200 dark:to-slate-700 bg-[length:200%_100%] rounded-lg mb-2"
        style="width: 60%; height: 18px;"
      />
      <div
        class="flex items-center gap-3 mb-2"
      >
        <div
          class="animate-pulse bg-gradient-to-r from-slate-200 dark:from-slate-700 via-slate-300 dark:via-slate-600 to-slate-200 dark:to-slate-700 bg-[length:200%_100%] rounded-lg "
          style="width: 80px; height: 14px;"
        />
        <div
          class="animate-pulse bg-gradient-to-r from-slate-200 dark:from-slate-700 via-slate-300 dark:via-slate-600 to-slate-200 dark:to-slate-700 bg-[length:200%_100%] rounded-lg "
          style="width: 60px; height: 14px;"
        />
      </div>
      <div
        class="animate-pulse bg-gradient-to-r from-slate-200 dark:from-slate-700 via-slate-300 dark:via-slate-600 to-slate-200 dark:to-slate-700 bg-[length:200%_100%] rounded-lg rounded-full"
        style="width: 80px; height: 24px;"
      />
    </div>
    <div
      class="animate-pulse bg-gradient-to-r from-slate-200 dark:from-slate-700 via-slate-300 dark:via-slate-600 to-slate-200 dark:to-slate-700 bg-[length:200%_100%] rounded-lg rounded-lg"
      style="width: 100px; height: 36px;"
    />
  </div>
</div>
`;

exports[`SkeletonLoader Component Snapshot Tests CalendarSkeleton matches snapshot 1`] = `
<div
  class="bg-white dark:bg-slate-900 rounded-xl border border-slate-200 dark:border-slate-800 p-4 animate-pulse"
>
  <div
    class="flex justify-between items-center mb-4"
  >
    <div
      class="animate-pulse bg-gradient-to-r from-slate-200 dark:from-slate-700 via-slate-300 dark:via-slate-600 to-slate-200 dark:to-slate-700 bg-[length:200%_100%] rounded-lg "
      style="width: 150px; height: 24px;"
    />
    <div
      class="flex gap-2"
    >
      <div
        class="animate-pulse bg-gradient-to-r from-slate-200 dark:from-slate-700 via-slate-300 dark:via-slate-600 to-slate-200 dark:to-slate-700 bg-[length:200%_100%] rounded-lg rounded"
        style="width: 32px; height: 32px;"
      />
      <div
        class="animate-pulse bg-gradient-to-r from-slate-200 dark:from-slate-700 via-slate-300 dark:via-slate-600 to-slate-200 dark:to-slate-700 bg-[length:200%_100%] rounded-lg rounded"
        style="width: 32px; height: 32px;"
      />
    </div>
  </div>
  <div
    class="grid grid-cols-7 gap-2 mb-2"
  >
    <div
      class="animate-pulse bg-gradient-to-r from-slate-200 dark:from-slate-700 via-slate-300 dark:via-slate-600 to-slate-200 dark:to-slate-700 bg-[length:200%_100%] rounded-lg mx-auto"
      style="width: 30px; height: 14px;"
    />
    <div
      class="animate-pulse bg-gradient-to-r from-slate-200 dark:from-slate-700 via-slate-300 dark:via-slate-600 to-slate-200 dark:to-slate-700 bg-[length:200%_100%] rounded-lg mx-auto"
      style="width: 30px; height: 14px;"
    />
    <div
      class="animate-pulse bg-gradient-to-r from-slate-200 dark:from-slate-700 via-slate-300 dark:via-slate-600 to-slate-200 dark:to-slate-700 bg-[length:200%_100%] rounded-lg mx-auto"
      style="width: 30px; height: 14px;"
    />
    <div
      class="animate-pulse bg-gradient-to-r from-slate-200 dark:from-slate-700 via-slate-300 dark:via-slate-600 to-slate-200 dark:to-slate-700 bg-[length:200%_100%] rounded-lg mx-auto"
      style="width: 30px; height: 14px;"
    />
    <div
      class="animate-pulse bg-gradient-to-r from-slate-200 dark:from-slate-700 via-slate-300 dark:via-slate-600 to-slate-200 dark:to-slate-700 bg-[length:200%_100%] rounded-lg mx-auto"
      style="width: 30px; height: 14px;"
    />
    <div
      class="animate-pulse bg-gradient-to-r from-slate-200 dark:from-slate-700 via-slate-300 dark:via-slate-600 to-slate-200 dark:to-slate-700 bg-[length:200%_100%] rounded-lg mx-auto"
      style="width: 30px; height: 14px;"
    />
    <div
      class="animate-pulse bg-gradient-to-r from-slate-200 dark:from-slate-700 via-slate-300 dark:via-slate-600 to-slate-200 dark:to-slate-700 bg-[length:200%_100%] rounded-lg mx-auto"
      style="width: 30px; height: 14px;"
    />
  </div>
  <div
    class="grid grid-cols-7 gap-2"
  >
    <div
      class="animate-pulse bg-gradient-to-r from-slate-200 dark:from-slate-700 via-slate-300 dark:via-slate-600 to-slate-200 dark:to-slate-700 bg-[length:200%_100%] rounded-lg rounded"
      style="width: 100%; height: 40px;"
    />
    <div
      class="animate-pulse bg-gradient-to-r from-slate-200 dark:from-slate-700 via-slate-300 dark:via-slate-600 to-slate-200 dark:to-slate-700 bg-[length:200%_100%] rounded-lg rounded"
      style="width: 100%; height: 40px;"
    />
    <div
      class="animate-pulse bg-gradient-to-r from-slate-200 dark:from-slate-700 via-slate-300 dark:via-slate-600 to-slate-200 dark:to-slate-700 bg-[length:200%_100%] rounded-lg rounded"
      style="width: 100%; height: 40px;"
    />
    <div
      class="animate-pulse bg-gradient-to-r from-slate-200 dark:from-slate-700 via-slate-300 dark:via-slate-600 to-slate-200 dark:to-slate-700 bg-[length:200%_100%] rounded-lg rounded"
      style="width: 100%; height: 40px;"
    />
    <div
      class="animate-pulse bg-gradient-to-r from-slate-200 dark:from-slate-700 via-slate-300 dark:via-slate-600 to-slate-200 dark:to-slate-700 bg-[length:200%_100%] rounded-lg rounded"
      style="width: 100%; height: 40px;"
    />
    <div
      class="animate-pulse bg-gradient-to-r from-slate-200 dark:from-slate-700 via-slate-300 dark:via-slate-600 to-slate-200 dark:to-slate-700 bg-[length:200%_100%] rounded-lg rounded"
      style="width: 100%; height: 40px;"
    />
    <div
      class="animate-pulse bg-gradient-to-r from-slate-200 dark:from-slate-700 via-slate-300 dark:via-slate-600 to-slate-200 dark:to-slate-700 bg-[length:200%_100%] rounded-lg rounded"
      style="width: 100%; height: 40px;"
    />
    <div
      class="animate-pulse bg-gradient-to-r from-slate-200 dark:from-slate-700 via-slate-300 dark:via-slate-600 to-slate-200 dark:to-slate-700 bg-[length:200%_100%] rounded-lg rounded"
      style="width: 100%; height: 40px;"
    />
    <div
      class="animate-pulse bg-gradient-to-r from-slate-200 dark:from-slate-700 via-slate-300 dark:via-slate-600 to-slate-200 dark:to-slate-700 bg-[length:200%_100%] rounded-lg rounded"
      style="width: 100%; height: 40px;"
    />
    <div
      class="animate-pulse bg-gradient-to-r from-slate-200 dark:from-slate-700 via-slate-300 dark:via-slate-600 to-slate-200 dark:to-slate-700 bg-[length:200%_100%] rounded-lg rounded"
      style="width: 100%; height: 40px;"
    />
    <div
      class="animate-pulse bg-gradient-to-r from-slate-200 dark:from-slate-700 via-slate-300 dark:via-slate-600 to-slate-200 dark:to-slate-700 bg-[length:200%_100%] rounded-lg rounded"
      style="width: 100%; height: 40px;"
    />
    <div
      class="animate-pulse bg-gradient-to-r from-slate-200 dark:from-slate-700 via-slate-300 dark:via-slate-600 to-slate-200 dark:to-slate-700 bg-[length:200%_100%] rounded-lg rounded"
      style="width: 100%; height: 40px;"
    />
    <div
      class="animate-pulse bg-gradient-to-r from-slate-200 dark:from-slate-700 via-slate-300 dark:via-slate-600 to-slate-200 dark:to-slate-700 bg-[length:200%_100%] rounded-lg rounded"
      style="width: 100%; height: 40px;"
    />
    <div
      class="animate-pulse bg-gradient-to-r from-slate-200 dark:from-slate-700 via-slate-300 dark:via-slate-600 to-slate-200 dark:to-slate-700 bg-[length:200%_100%] rounded-lg rounded"
      style="width: 100%; height: 40px;"
    />
    <div
      class="animate-pulse bg-gradient-to-r from-slate-200 dark:from-slate-700 via-slate-300 dark:via-slate-600 to-slate-200 dark:to-slate-700 bg-[length:200%_100%] rounded-lg rounded"
      style="width: 100%; height: 40px;"
    />
    <div
      class="animate-pulse bg-gradient-to-r from-slate-200 dark:from-slate-700 via-slate-300 dark:via-slate-600 to-slate-200 dark:to-slate-700 bg-[length:200%_100%] rounded-lg rounded"
      style="width: 100%; height: 40px;"
    />
    <div
      class="animate-pulse bg-gradient-to-r from-slate-200 dark:from-slate-700 via-slate-300 dark:via-slate-600 to-slate-200 dark:to-slate-700 bg-[length:200%_100%] rounded-lg rounded"
      style="width: 100%; height: 40px;"
    />
    <div
      class="animate-pulse bg-gradient-to-r from-slate-200 dark:from-slate-700 via-slate-300 dark:via-slate-600 to-slate-200 dark:to-slate-700 bg-[length:200%_100%] rounded-lg rounded"
      style="width: 100%; height: 40px;"
    />
    <div
      class="animate-pulse bg-gradient-to-r from-slate-200 dark:from-slate-700 via-slate-300 dark:via-slate-600 to-slate-200 dark:to-slate-700 bg-[length:200%_100%] rounded-lg rounded"
      style="width: 100%; height: 40px;"
    />
    <div
      class="animate-pulse bg-gradient-to-r from-slate-200 dark:from-slate-700 via-slate-300 dark:via-slate-600 to-slate-200 dark:to-slate-700 bg-[length:200%_100%] rounded-lg rounded"
      style="width: 100%; height: 40px;"
    />
    <div
      class="animate-pulse bg-gradient-to-r from-slate-200 dark:from-slate-700 via-slate-300 dark:via-slate-600 to-slate-200 dark:to-slate-700 bg-[length:200%_100%] rounded-lg rounded"
      style="width: 100%; height: 40px;"
    />
    <div
      class="animate-pulse bg-gradient-to-r from-slate-200 dark:from-slate-700 via-slate-300 dark:via-slate-600 to-slate-200 dark:to-slate-700 bg-[length:200%_100%] rounded-lg rounded"
      style="width: 100%; height: 40px;"
    />
    <div
      class="animate-pulse bg-gradient-to-r from-slate-200 dark:from-slate-700 via-slate-300 dark:via-slate-600 to-slate-200 dark:to-slate-700 bg-[length:200%_100%] rounded-lg rounded"
      style="width: 100%; height: 40px;"
    />
    <div
      class="animate-pulse bg-gradient-to-r from-slate-200 dark:from-slate-700 via-slate-300 dark:via-slate-600 to-slate-200 dark:to-slate-700 bg-[length:200%_100%] rounded-lg rounded"
      style="width: 100%; height: 40px;"
    />
    <div
      class="animate-pulse bg-gradient-to-r from-slate-200 dark:from-slate-700 via-slate-300 dark:via-slate-600 to-slate-200 dark:to-slate-700 bg-[length:200%_100%] rounded-lg rounded"
      style="width: 100%; height: 40px;"
    />
    <div
      class="animate-pulse bg-gradient-to-r from-slate-200 dark:from-slate-700 via-slate-300 dark:via-slate-600 to-slate-200 dark:to-slate-700 bg-[length:200%_100%] rounded-lg rounded"
      style="width: 100%; height: 40px;"
    />
    <div
      class="animate-pulse bg-gradient-to-r from-slate-200 dark:from-slate-700 via-slate-300 dark:via-slate-600 to-slate-200 dark:to-slate-700 bg-[length:200%_100%] rounded-lg rounded"
      style="width: 100%; height: 40px;"
    />
    <div
      class="animate-pulse bg-gradient-to-r from-slate-200 dark:from-slate-700 via-slate-300 dark:via-slate-600 to-slate-200 dark:to-slate-700 bg-[length:200%_100%] rounded-lg rounded"
      style="width: 100%; height: 40px;"
    />
    <div
      class="animate-pulse bg-gradient-to-r from-slate-200 dark:from-slate-700 via-slate-300 dark:via-slate-600 to-slate-200 dark:to-slate-700 bg-[length:200%_100%] rounded-lg rounded"
      style="width: 100%; height: 40px;"
    />
    <div
      class="animate-pulse bg-gradient-to-r from-slate-200 dark:from-slate-700 via-slate-300 dark:via-slate-600 to-slate-200 dark:to-slate-700 bg-[length:200%_100%] rounded-lg rounded"
      style="width: 100%; height: 40px;"
    />
    <div
      class="animate-pulse bg-gradient-to-r from-slate-200 dark:from-slate-700 via-slate-300 dark:via-slate-600 to-slate-200 dark:to-slate-700 bg-[length:200%_100%] rounded-lg rounded"
      style="width: 100%; height: 40px;"
    />
    <div
      class="animate-pulse bg-gradient-to-r from-slate-200 dark:from-slate-700 via-slate-300 dark:via-slate-600 to-slate-200 dark:to-slate-700 bg-[length:200%_100%] rounded-lg rounded"
      style="width: 100%; height: 40px;"
    />
    <div
      class="animate-pulse bg-gradient-to-r from-slate-200 dark:from-slate-700 via-slate-300 dark:via-slate-600 to-slate-200 dark:to-slate-700 bg-[length:200%_100%] rounded-lg rounded"
      style="width: 100%; height: 40px;"
    />
    <div
      class="animate-pulse bg-gradient-to-r from-slate-200 dark:from-slate-700 via-slate-300 dark:via-slate-600 to-slate-200 dark:to-slate-700 bg-[length:200%_100%] rounded-lg rounded"
      style="width: 100%; height: 40px;"
    />
    <div
      class="animate-pulse bg-gradient-to-r from-slate-200 dark:from-slate-700 via-slate-300 dark:via-slate-600 to-slate-200 dark:to-slate-700 bg-[length:200%_100%] rounded-lg rounded"
      style="width: 100%; height: 40px;"
    />
  </div>
</div>
`;

exports[`SkeletonLoader Component Snapshot Tests DashboardStatsSkeleton matches snapshot 1`] = `
<div
  class="grid grid-cols-2 md:grid-cols-4 gap-4 animate-pulse"
>
  <div
    class="bg-white dark:bg-slate-900 rounded-xl border border-slate-200 dark:border-slate-800 p-4"
  >
    <div
      class="animate-pulse bg-gradient-to-r from-slate-200 dark:from-slate-700 via-slate-300 dark:via-slate-600 to-slate-200 dark:to-slate-700 bg-[length:200%_100%] rounded-lg mb-2"
      style="width: 60%; height: 14px;"
    />
    <div
      class="animate-pulse bg-gradient-to-r from-slate-200 dark:from-slate-700 via-slate-300 dark:via-slate-600 to-slate-200 dark:to-slate-700 bg-[length:200%_100%] rounded-lg mb-1"
      style="width: 50%; height: 28px;"
    />
    <div
      class="animate-pulse bg-gradient-to-r from-slate-200 dark:from-slate-700 via-slate-300 dark:via-slate-600 to-slate-200 dark:to-slate-700 bg-[length:200%_100%] rounded-lg "
      style="width: 80%; height: 12px;"
    />
  </div>
  <div
    class="bg-white dark:bg-slate-900 rounded-xl border border-slate-200 dark:border-slate-800 p-4"
  >
    <div
      class="animate-pulse bg-gradient-to-r from-slate-200 dark:from-slate-700 via-slate-300 dark:via-slate-600 to-slate-200 dark:to-slate-700 bg-[length:200%_100%] rounded-lg mb-2"
      style="width: 60%; height: 14px;"
    />
    <div
      class="animate-pulse bg-gradient-to-r from-slate-200 dark:from-slate-700 via-slate-300 dark:via-slate-600 to-slate-200 dark:to-slate-700 bg-[length:200%_100%] rounded-lg mb-1"
      style="width: 50%; height: 28px;"
    />
    <div
      class="animate-pulse bg-gradient-to-r from-slate-200 dark:from-slate-700 via-slate-300 dark:via-slate-600 to-slate-200 dark:to-slate-700 bg-[length:200%_100%] rounded-lg "
      style="width: 80%; height: 12px;"
    />
  </div>
  <div
    class="bg-white dark:bg-slate-900 rounded-xl border border-slate-200 dark:border-slate-800 p-4"
  >
    <div
      class="animate-pulse bg-gradient-to-r from-slate-200 dark:from-slate-700 via-slate-300 dark:via-slate-600 to-slate-200 dark:to-slate-700 bg-[length:200%_100%] rounded-lg mb-2"
      style="width: 60%; height: 14px;"
    />
    <div
      class="animate-pulse bg-gradient-to-r from-slate-200 dark:from-slate-700 via-slate-300 dark:via-slate-600 to-slate-200 dark:to-slate-700 bg-[length:200%_100%] rounded-lg mb-1"
      style="width: 50%; height: 28px;"
    />
    <div
      class="animate-pulse bg-gradient-to-r from-slate-200 dark:from-slate-700 via-slate-300 dark:via-slate-600 to-slate-200 dark:to-slate-700 bg-[length:200%_100%] rounded-lg "
      style="width: 80%; height: 12px;"
    />
  </div>
  <div
    class="bg-white dark:bg-slate-900 rounded-xl border border-slate-200 dark:border-slate-800 p-4"
  >
    <div
      class="animate-pulse bg-gradient-to-r from-slate-200 dark:from-slate-700 via-slate-300 dark:via-slate-600 to-slate-200 dark:to-slate-700 bg-[length:200%_100%] rounded-lg mb-2"
      style="width: 60%; height: 14px;"
    />
    <div
      class="animate-pulse bg-gradient-to-r from-slate-200 dark:from-slate-700 via-slate-300 dark:via-slate-600 to-slate-200 dark:to-slate-700 bg-[length:200%_100%] rounded-lg mb-1"
      style="width: 50%; height: 28px;"
    />
    <div
      class="animate-pulse bg-gradient-to-r from-slate-200 dark:from-slate-700 via-slate-300 dark:via-slate-600 to-slate-200 dark:to-slate-700 bg-[length:200%_100%] rounded-lg "
      style="width: 80%; height: 12px;"
    />
  </div>
</div>
`;

exports[`SkeletonLoader Component Snapshot Tests MessageThreadSkeleton matches snapshot 1`] = `
<div
  class="flex items-start gap-3 p-4 animate-pulse"
>
  <div
    class="animate-pulse bg-gradient-to-r from-slate-200 dark:from-slate-700 via-slate-300 dark:via-slate-600 to-slate-200 dark:to-slate-700 bg-[length:200%_100%] rounded-full "
    style="width: 40px; height: 40px;"
  />
  <div
    class="flex-1 min-w-0"
  >
    <div
      class="flex justify-between items-baseline mb-1"
    >
      <div
        class="animate-pulse bg-gradient-to-r from-slate-200 dark:from-slate-700 via-slate-300 dark:via-slate-600 to-slate-200 dark:to-slate-700 bg-[length:200%_100%] rounded-lg "
        style="width: 120px; height: 16px;"
      />
      <div
        class="animate-pulse bg-gradient-to-r from-slate-200 dark:from-slate-700 via-slate-300 dark:via-slate-600 to-slate-200 dark:to-slate-700 bg-[length:200%_100%] rounded-lg "
        style="width: 40px; height: 12px;"
      />
    </div>
    <div
      class="animate-pulse bg-gradient-to-r from-slate-200 dark:from-slate-700 via-slate-300 dark:via-slate-600 to-slate-200 dark:to-slate-700 bg-[length:200%_100%] rounded-lg "
      style="width: 80%; height: 14px;"
    />
  </div>
</div>
`;

exports[`SkeletonLoader Component Snapshot Tests NotificationSkeleton matches snapshot 1`] = `
<div
  class="flex items-start gap-4 p-4 animate-pulse"
>
  <div
    class="animate-pulse bg-gradient-to-r from-slate-200 dark:from-slate-700 via-slate-300 dark:via-slate-600 to-slate-200 dark:to-slate-700 bg-[length:200%_100%] rounded-full "
    style="width: 40px; height: 40px;"
  />
  <div
    class="flex-1"
  >
    <div
      class="flex justify-between items-start mb-1"
    >
      <div
        class="animate-pulse bg-gradient-to-r from-slate-200 dark:from-slate-700 via-slate-300 dark:via-slate-600 to-slate-200 dark:to-slate-700 bg-[length:200%_100%] rounded-lg "
        style="width: 70%; height: 16px;"
      />
      <div
        class="animate-pulse bg-gradient-to-r from-slate-200 dark:from-slate-700 via-slate-300 dark:via-slate-600 to-slate-200 dark:to-slate-700 bg-[length:200%_100%] rounded-lg "
        style="width: 50px; height: 12px;"
      />
    </div>
    <div
      class="animate-pulse bg-gradient-to-r from-slate-200 dark:from-slate-700 via-slate-300 dark:via-slate-600 to-slate-200 dark:to-slate-700 bg-[length:200%_100%] rounded-lg "
      style="width: 90%; height: 14px;"
    />
  </div>
</div>
`;

exports[`SkeletonLoader Component Snapshot Tests SkeletonLoader matches snapshot 1`] = `
<div
  class="animate-pulse bg-gradient-to-r from-slate-200 dark:from-slate-700 via-slate-300 dark:via-slate-600 to-slate-200 dark:to-slate-700 bg-[length:200%_100%] rounded-lg "
  style="width: 100%; height: 20px;"
/>
`;
